Model name:                              AMD EPYC 9B45
16
FastSAR da28ceeea3d9a4153217d749f94cc33903a89a12 2026-10-09 03:18:16 +0000
[3 s] setup done
-rw-rw-r-- 1 paul paul 1331593804 Oct  9 04:08 c.cphd
-rw-rw-r-- 1 paul paul  286917663 Oct  9 04:08 c.ntf
[12 s] data in
[15 s] reference cache: 3 files
== fastsar cpu
/data/w/FastSAR/fastsar/io.py:162: UserWarning: valid delay window (TOA1 to TOA2) of 2962 m exceeds the unambiguous range c/(2 df) = 1311 m: the samples are not a plain frequency-domain phase history and images will alias
  warnings.warn(msg)
grid 12514 5771 72.2 Mpx
first mosaic 289.2 s
mosaic 285.8 s, 78 patches
region 0: error -62.52 dB
region 1: error -62.22 dB
region 2: error -61.98 dB
	Command being timed: "/opt/fastsar/env/bin/python -I modes_strip.py c.cphd c.ntf out fastsar cpu"
	User time (seconds): 7311.27
	System time (seconds): 688.88
	Percent of CPU this job got: 1372%
	Elapsed (wall clock) time (h:mm:ss or m:ss): 9:42.69
	Average shared text size (kbytes): 0
	Average unshared data size (kbytes): 0
	Average stack size (kbytes): 0
	Average total size (kbytes): 0
	Maximum resident set size (kbytes): 13603244
	Average resident set size (kbytes): 0
	Major (requiring I/O) page faults: 2169
	Minor (reclaiming a frame) page faults: 5003101
	Voluntary context switches: 453623
	Involuntary context switches: 477580
	Swaps: 0
	File system inputs: 558768
	File system outputs: 46272
	Socket messages sent: 0
	Socket messages received: 0
	Signals delivered: 0
	Page size (bytes): 4096
	Exit status: 0
exit 0
[597 s] stage fastsar cpu done
[601 s] end
