Model name:                           AMD EPYC 9B14
44
FastSAR da28ceeea3d9a4153217d749f94cc33903a89a12 Fri Oct 9 03:18:16 2026 +0000
E1009 05:33:29.453187    5287 hugepage_text.cc:344] RAW: File offset incorrectly aligned for file-backed THP: (600000 & ~ffffffffffe00000) = 0 != 1000 = (201000 & ~ffffffffffe00000)
jax 0.11.2 [TpuDevice(id=0, process_index=0, coords=(0,0,0), core_on_chip=0)]
-rw-rw-r-- 1 paul paul 1331593804 Oct  9 05:33 c.cphd
-rw-rw-r-- 1 paul paul  286917663 Oct  9 05:33 c.ntf
== fastsar tpu
~/w/FastSAR/fastsar/io.py:162: UserWarning: valid delay window (TOA1 to TOA2) of 2962 m exceeds the unambiguous range c/(2 df) = 1311 m: the samples are not a plain frequency-domain phase history and images will alias
  warnings.warn(msg)
grid 12514 5771 72.2 Mpx
E1009 05:33:49.805178    5892 hugepage_text.cc:344] RAW: File offset incorrectly aligned for file-backed THP: (600000 & ~ffffffffffe00000) = 0 != 1000 = (201000 & ~ffffffffffe00000)
first mosaic 87.6 s
mosaic 55.3 s, 78 patches
region 0: error -62.01 dB
region 1: error -61.69 dB
region 2: error -61.47 dB
	Command being timed: "env/bin/python -I modes_strip.py c.cphd c.ntf out fastsar tpu"
	User time (seconds): 11930.33
	System time (seconds): 29.78
	Percent of CPU this job got: 2732%
	Elapsed (wall clock) time (h:mm:ss or m:ss): 7:17.62
	Average shared text size (kbytes): 0
	Average unshared data size (kbytes): 0
	Average stack size (kbytes): 0
	Average total size (kbytes): 0
	Maximum resident set size (kbytes): 31021980
	Average resident set size (kbytes): 0
	Major (requiring I/O) page faults: 3
	Minor (reclaiming a frame) page faults: 950457
	Voluntary context switches: 1312778
	Involuntary context switches: 587132
	Swaps: 0
	File system inputs: 912
	File system outputs: 106176
	Socket messages sent: 0
	Socket messages received: 0
	Signals delivered: 0
	Page size (bytes): 4096
	Exit status: 0
exit 0
