Model name:                              Intel(R) Xeon(R) CPU @ 2.20GHz
32
NVIDIA L4, 580.178.04
FastSAR c947b919f40d1dec3e2916d9a0ad4e86a8025af5 2026-10-09 06:26:42 +0000
[3 s] setup done
-rw-rw-r-- 1 user user 968280900 Oct  9 08:33 c.cphd
-rw-rw-r-- 1 user user 332361111 Oct  9 08:33 c.ntf
[15 s] data in
[19 s] reference cache: 3 files
== fastsar cuda
grid 21040 3960 83.3 Mpx
An NVIDIA GPU may be present on this machine, but a CUDA-enabled jaxlib is not installed. Falling back to cpu.
first mosaic 26.1 s
mosaic 11.5 s, 84 patches
region 0: error -61.29 dB
region 1: error -62.44 dB
region 2: error -61.93 dB
	Command being timed: "/opt/fastsar/env/bin/python -I modes_strip.py c.cphd c.ntf out fastsar cuda"
	User time (seconds): 101.79
	System time (seconds): 17.06
	Percent of CPU this job got: 192%
	Elapsed (wall clock) time (h:mm:ss or m:ss): 1:01.73
	Average shared text size (kbytes): 0
	Average unshared data size (kbytes): 0
	Average stack size (kbytes): 0
	Average total size (kbytes): 0
	Maximum resident set size (kbytes): 12347768
	Average resident set size (kbytes): 0
	Major (requiring I/O) page faults: 8972
	Minor (reclaiming a frame) page faults: 1304400
	Voluntary context switches: 1072046
	Involuntary context switches: 486
	Swaps: 0
	File system inputs: 1100912
	File system outputs: 53176
	Socket messages sent: 0
	Socket messages received: 0
	Signals delivered: 0
	Page size (bytes): 4096
	Exit status: 0
exit 0
[80 s] stage fastsar cuda done
GPU utilization over the stage: mean 23%, 2% of samples at 90% or more, mean power 33 W (62 s)
[87 s] end
