Model name:                              AMD EPYC 9B45
16
FastSAR da28ceeea3d9a4153217d749f94cc33903a89a12 2026-10-09 03:18:16 +0000
[2 s] setup done
-rw-rw-r-- 1 paul paul 968280900 Oct  9 03:20 c.cphd
-rw-rw-r-- 1 paul paul 332361111 Oct  9 03:20 c.ntf
[9 s] data in
[11 s] reference cache: 3 files
== script capella_mosaic.py
['Capella collection: SGN = +1 declared, phase taken as SGN = -1', 'trimmed pulses [39898, 39899)', '7 interior pulses have no samples', '7 pulses flagged SIGNAL=0 (not normal): kept', 're-referenced to the mid-aperture scene reference point (range change up to 189.7 m)']
grid 1366 1880 processed sin spread 0.012005703976961287
mosaic of 165 patches in 12 s (pulses per patch 10324); peak/mean 98.5; amplitude correlation with the vendor SICD 0.993
	Command being timed: "/opt/fastsar/env/bin/python -I capella_mosaic.py c.cphd c.ntf out"
	User time (seconds): 132.19
	System time (seconds): 2.16
	Percent of CPU this job got: 624%
	Elapsed (wall clock) time (h:mm:ss or m:ss): 0:21.50
	Average shared text size (kbytes): 0
	Average unshared data size (kbytes): 0
	Average stack size (kbytes): 0
	Average total size (kbytes): 0
	Maximum resident set size (kbytes): 12307744
	Average resident set size (kbytes): 0
	Major (requiring I/O) page faults: 1788
	Minor (reclaiming a frame) page faults: 236329
	Voluntary context switches: 74972
	Involuntary context switches: 16774
	Swaps: 0
	File system inputs: 462400
	File system outputs: 48824
	Socket messages sent: 0
	Socket messages received: 0
	Signals delivered: 0
	Page size (bytes): 4096
	Exit status: 0
exit 0
[33 s] script capella_mosaic.py done
[35 s] end
