Model name:                           AMD EPYC 9B14
44
FastSAR da28ceeea3d9a4153217d749f94cc33903a89a12 Fri Oct 9 03:18:16 2026 +0000
E1009 04:22:16.191265    4612 hugepage_text.cc:344] RAW: File offset incorrectly aligned for file-backed THP: (600000 & ~ffffffffffe00000) = 0 != 1000 = (201000 & ~ffffffffffe00000)
jax 0.11.2 [TpuDevice(id=0, process_index=0, coords=(0,0,0), core_on_chip=0)]
-rw-rw-r-- 1 paul paul 5149106840 Oct  9 04:22 c.cphd
-rw-rw-r-- 1 paul paul 1027277558 Oct  9 04:22 c.ntf
== fastsar tpu
grid 35678 7240 258.3 Mpx
E1009 04:23:25.961126    5226 hugepage_text.cc:344] RAW: File offset incorrectly aligned for file-backed THP: (600000 & ~ffffffffffe00000) = 0 != 1000 = (201000 & ~ffffffffffe00000)
mosaic 12.3 s, 0 patches
region 0: error -59.14 dB
region 1: error -59.58 dB
region 2: error -59.79 dB
	Command being timed: "env/bin/python -I modes_strip.py c.cphd c.ntf out fastsar tpu"
	User time (seconds): 15172.15
	System time (seconds): 19.43
	Percent of CPU this job got: 2507%
	Elapsed (wall clock) time (h:mm:ss or m:ss): 10:05.75
	Average shared text size (kbytes): 0
	Average unshared data size (kbytes): 0
	Average stack size (kbytes): 0
	Average total size (kbytes): 0
	Maximum resident set size (kbytes): 52943284
	Average resident set size (kbytes): 0
	Major (requiring I/O) page faults: 3
	Minor (reclaiming a frame) page faults: 415443
	Voluntary context switches: 171479
	Involuntary context switches: 282015
	Swaps: 0
	File system inputs: 656
	File system outputs: 105392
	Socket messages sent: 0
	Socket messages received: 0
	Signals delivered: 0
	Page size (bytes): 4096
	Exit status: 0
exit 0
