Model name:                              Intel(R) Xeon(R) CPU @ 2.20GHz
32
NVIDIA L4, 580.178.04
FastSAR da28ceeea3d9a4153217d749f94cc33903a89a12 2026-10-09 03:18:16 +0000
[3 s] setup done
-rw-rw-r-- 1 user user 9921494144 Oct  9 06:02 c.cphd
-rw-rw-r-- 1 user user 4524796233 Oct  9 06:02 c.ntf
[20 s] data in
[23 s] reference cache: 3 files
== fastsar cuda
grid 136197 8313 1132.2 Mpx
An NVIDIA GPU may be present on this machine, but a CUDA-enabled jaxlib is not installed. Falling back to cpu.
first mosaic 214.3 s
mosaic 197.9 s, 1206 patches
region 0: error -61.42 dB
region 1: error -61.71 dB
region 2: error -61.73 dB
	Command being timed: "/opt/fastsar/env/bin/python -I modes_strip.py c.cphd c.ntf out fastsar cuda"
	User time (seconds): 1080.99
	System time (seconds): 153.33
	Percent of CPU this job got: 254%
	Elapsed (wall clock) time (h:mm:ss or m:ss): 8:05.24
	Average shared text size (kbytes): 0
	Average unshared data size (kbytes): 0
	Average stack size (kbytes): 0
	Average total size (kbytes): 0
	Maximum resident set size (kbytes): 86906728
	Average resident set size (kbytes): 0
	Major (requiring I/O) page faults: 9018
	Minor (reclaiming a frame) page faults: 3328490
	Voluntary context switches: 12808754
	Involuntary context switches: 4960
	Swaps: 0
	File system inputs: 1111360
	File system outputs: 52568
	Socket messages sent: 0
	Socket messages received: 0
	Signals delivered: 0
	Page size (bytes): 4096
	Exit status: 0
exit 0
[508 s] stage fastsar cuda done
GPU utilization over the stage: mean 62%, 61% of samples at 90% or more, mean power 54 W (486 s)
[513 s] end
