plan [(8, 8, 6, 4, 2408, 3805), (8, 7, 7, 9, 352, 431), (6, 5, 5, 6, 79, 80)] padded 12288 8960 21.0s
ffbp/f16 ok {'first_s': 35.8216, 'run_s': 13.3374, 'host_s': 0.7098, 'filt': 'dense'}
ffbp/fp32_fast ok {'first_s': 47.7824, 'run_s': 20.9612, 'host_s': 0.7078, 'filt': 'dense'}
ffbp/fp32 ok {'first_s': 103.1987, 'run_s': 29.4139, 'host_s': 0.7056, 'filt': 'dense'}
plan [(8, 8, 6, 4, 2408, 3805), (8, 7, 7, 9, 352, 431), (6, 5, 5, 6, 79, 80)] padded 12288 8960 21.0s
ffbp/f16_direct ok {'first_s': 34.8341, 'run_s': 12.6152, 'host_s': 0.7075, 'filt': 'dense'}
plan [(8, 8, 6, 4, 2408, 3805), (8, 7, 7, 9, 352, 431), (6, 5, 5, 6, 79, 80)] padded 12288 8960 20.9s
ffbp/f16_conv ok {'first_s': 18.6797, 'run_s': 11.3308, 'host_s': 0.7198, 'filt': 'conv'}
pfa grid {'nkr': 7229, 'nka': 10123, 'nfy': 9000, 'nfx': 12288, 'oversample_r': 0.5020439195546257, 'oversample_a': 0.6666008165415515} 0.0s
W1002 22:55:33.717836   19176 bfc_allocator.cc:598] Allocator (GPU_0_bfc) ran out of memory trying to allocate 11.12GiB (rounded to 11942756864) from the lower end requested by op 
If this is caused by memory fragmentation, the environment variable 'TF_GPU_ALLOCATOR=cuda_malloc_async' may improve the situation.
Current allocation summary follows.
W1002 22:55:33.718046   19176 bfc_allocator.cc:609] ***********_**********************************_____________________________________________________*
pfa/fp32 FAILED JaxRuntimeError RESOURCE_EXHAUSTED: Out of memory while trying to allocate 11.12GiB with allocator GPU_0_bfc on device 0. [tf-allocator-allocation-error=''] [executable_name='jit_pfa']
W1002 22:56:42.809262   19176 bfc_allocator.cc:598] Allocator (GPU_0_bfc) ran out of memory trying to allocate 11.12GiB (rounded to 11942756864) from the lower end requested by op 
If this is caused by memory fragmentation, the environment variable 'TF_GPU_ALLOCATOR=cuda_malloc_async' may improve the situation.
Current allocation summary follows.
W1002 22:56:42.809439   19176 bfc_allocator.cc:609] ***********************_*******____________________________________________________________________*
pfa/f16 FAILED JaxRuntimeError RESOURCE_EXHAUSTED: Out of memory while trying to allocate 11.12GiB with allocator GPU_0_bfc on device 0. [tf-allocator-allocation-error=''] [executable_name='jit_pfa']
pfa grid {'nkr': 7229, 'nka': 10123, 'nfy': 9000, 'nfx': 12288, 'oversample_r': 0.5020439195546257, 'oversample_a': 0.6666008165415515} 0.0s
pfa/fp32_taps ok {'first_s': 13.5805, 'run_s': 1.1403, 'resample': 'taps'}
bp/cuda_fp32 ok {'first_s': 217.0022, 'run_s': 217.0022}
bp/cuda_f16 ok {'first_s': 101.4909, 'run_s': 101.4909}
