{"label": "gpu-l4", "device": "cuda:0", "P": 15186, "K": 14399, "Ko": 2408, "Po": 3805, "Dk": 6, "Dp": 4, "children": 64, "fir_k_taps": 44, "fir_p_taps": 30}
fp32_fast ramp_direct 7.1 ms 
fp32_fast ramp_split 7.6 ms 
fp32_fast rotate_direct 22.7 ms 
fp32_fast rotate_split 15.5 ms 
fp32_fast dec_k_dense 83.9 ms 0.0 dB
fp32_fast dec_k_conv 23.1 ms -76.4 dB
fp32_fast dec_k_banded 43.6 ms -142.0 dB
fp32_fast dec_p_dense 22.8 ms 0.0 dB
fp32_fast dec_p_conv 5.4 ms -64.0 dB
fp32_fast dec_p_banded 5.1 ms -172.4 dB
bf16_mm ramp_direct 7.1 ms 
bf16_mm ramp_split 7.6 ms 
bf16_mm rotate_direct 22.7 ms 
bf16_mm rotate_split 15.9 ms 
bf16_mm dec_k_dense 64.6 ms 0.0 dB
bf16_mm dec_k_conv 23.4 ms -137.2 dB
bf16_mm dec_k_banded 32.8 ms -145.3 dB
bf16_mm dec_p_dense 13.2 ms 0.0 dB
bf16_mm dec_p_conv 5.4 ms -140.4 dB
bf16_mm dec_p_banded 3.8 ms -146.3 dB
fp32 ramp_direct 7.1 ms 
fp32 ramp_split 7.6 ms 
fp32 rotate_direct 22.7 ms 
fp32 rotate_split 15.6 ms 
fp32 dec_k_dense 167.0 ms 0.0 dB
fp32 dec_k_conv 23.2 ms -3000.0 dB
fp32 dec_k_banded 58.9 ms -3000.0 dB
fp32 dec_p_dense 43.6 ms 0.0 dB
fp32 dec_p_conv 5.4 ms -168.8 dB
fp32 dec_p_banded 6.3 ms -168.8 dB
