E1002 22:53:15.301018    5175 hugepage_text.cc:344] RAW: File offset incorrectly aligned for file-backed THP: (600000 & ~ffffffffffe00000) = 0 != 1000 = (201000 & ~ffffffffffe00000)
plan [(8, 8, 55, 56, 270, 280), (2, 2, 2, 2, 145, 150), (2, 2, 2, 2, 83, 85)] padded 1024 1024 0.7s
ffbp/fp32_fast ok {'first_s': 7.538, 'run_s': 0.7457, 'host_s': 0.0393, 'filt': 'dense'}
ffbp/fp32_high ok {'first_s': 7.8474, 'run_s': 1.0272, 'host_s': 0.0392, 'filt': 'dense'}
ffbp/fp32 ok {'first_s': 9.5727, 'run_s': 1.297, 'host_s': 0.0391, 'filt': 'dense'}
ffbp/bf16_mm ok {'first_s': 7.4214, 'run_s': 0.7429, 'host_s': 0.0394, 'filt': 'dense'}
ffbp/fp32_fast_conv ok {'first_s': 12.8915, 'run_s': 2.8264, 'host_s': 0.0407, 'filt': 'conv'}
ffbp/fp32_high_conv ok {'first_s': 11.7859, 'run_s': 4.5072, 'host_s': 0.0391, 'filt': 'conv'}
ffbp/fp32_conv ok {'first_s': 14.8143, 'run_s': 7.3036, 'host_s': 0.0393, 'filt': 'conv'}
ffbp/bf16_mm_conv ok {'first_s': 12.8817, 'run_s': 2.8402, 'host_s': 0.0391, 'filt': 'conv'}
E1002 22:55:36.449009    6032 hugepage_text.cc:344] RAW: File offset incorrectly aligned for file-backed THP: (600000 & ~ffffffffffe00000) = 0 != 1000 = (201000 & ~ffffffffffe00000)
plan [(8, 8, 55, 56, 270, 280), (2, 2, 2, 2, 145, 150), (2, 2, 2, 2, 83, 85)] padded 1024 1024 0.7s
ffbp/fp32_fast_direct ok {'first_s': 7.679, 'run_s': 0.5857, 'host_s': 0.0393, 'filt': 'dense'}
E1002 22:55:52.309054    6465 hugepage_text.cc:344] RAW: File offset incorrectly aligned for file-backed THP: (600000 & ~ffffffffffe00000) = 0 != 1000 = (201000 & ~ffffffffffe00000)
pfa grid {'nkr': 7229, 'nka': 10123, 'nfy': 9000, 'nfx': 12288, 'oversample_r': 0.5020439195546257, 'oversample_a': 0.6666008165415515} 0.0s
pfa/fp32 FAILED JaxRuntimeError RESOURCE_EXHAUSTED: Ran out of memory on HBM, the total memory required for HLO temporaries (16.31G) exceeds available HBM (15.75G). HLO module: jit_pfa.
pfa/fp32_fast FAILED JaxRuntimeError RESOURCE_EXHAUSTED: Ran out of memory on HBM, the total memory required for HLO temporaries (16.31G) exceeds available HBM (15.75G). HLO module: jit_pfa.
E1002 22:56:01.029083    6868 hugepage_text.cc:344] RAW: File offset incorrectly aligned for file-backed THP: (600000 & ~ffffffffffe00000) = 0 != 1000 = (201000 & ~ffffffffffe00000)
pfa grid {'nkr': 7229, 'nka': 10123, 'nfy': 9000, 'nfx': 12288, 'oversample_r': 0.5020439195546257, 'oversample_a': 0.6666008165415515} 0.0s
pfa/fp32_taps ok {'first_s': 20.9153, 'run_s': 2.6129, 'resample': 'taps'}
