E1002 23:10:12.575586   21916 hugepage_text.cc:344] RAW: File offset incorrectly aligned for file-backed THP: (600000 & ~ffffffffffe00000) = 0 != 1000 = (201000 & ~ffffffffffe00000)
plan [(8, 8, 55, 56, 270, 280), (2, 2, 2, 2, 145, 150), (2, 2, 2, 2, 83, 85)] padded 1024 1024 0.6s
ffbp/fp32_fast ok {'first_s': 22.3118, 'run_s': 0.4225, 'host_s': 0.0335, 'filt': 'dense'}
ffbp/fp32_high ok {'first_s': 22.3778, 'run_s': 0.5402, 'host_s': 0.0334, 'filt': 'dense'}
ffbp/fp32 ok {'first_s': 23.3836, 'run_s': 0.5462, 'host_s': 0.033, 'filt': 'dense'}
ffbp/bf16_mm ok {'first_s': 22.7069, 'run_s': 0.4215, 'host_s': 0.0331, 'filt': 'dense'}
ffbp/fp32_fast_conv ok {'first_s': 25.8302, 'run_s': 1.94, 'host_s': 0.0329, 'filt': 'conv'}
ffbp/fp32_high_conv ok {'first_s': 27.6931, 'run_s': 3.9252, 'host_s': 0.0332, 'filt': 'conv'}
ffbp/fp32_conv ok {'first_s': 28.788, 'run_s': 5.0823, 'host_s': 0.0335, 'filt': 'conv'}
ffbp/bf16_mm_conv ok {'first_s': 25.7215, 'run_s': 1.9408, 'host_s': 0.0333, 'filt': 'conv'}
E1002 23:14:13.559533   23118 hugepage_text.cc:344] RAW: File offset incorrectly aligned for file-backed THP: (600000 & ~ffffffffffe00000) = 0 != 1000 = (201000 & ~ffffffffffe00000)
plan [(8, 8, 55, 56, 270, 280), (2, 2, 2, 2, 145, 150), (2, 2, 2, 2, 83, 85)] padded 1024 1024 0.6s
ffbp/fp32_fast_direct ok {'first_s': 5.7309, 'run_s': 0.354, 'host_s': 0.0333, 'filt': 'dense'}
E1002 23:14:27.257666   23726 hugepage_text.cc:344] RAW: File offset incorrectly aligned for file-backed THP: (600000 & ~ffffffffffe00000) = 0 != 1000 = (201000 & ~ffffffffffe00000)
pfa grid {'nkr': 7229, 'nka': 10123, 'nfy': 9000, 'nfx': 12288, 'oversample_r': 0.5020439195546257, 'oversample_a': 0.6666008165415515} 0.0s
pfa/fp32 ok {'first_s': 39.5569, 'run_s': 1.2712, 'resample': 'dense'}
pfa/fp32_fast ok {'first_s': 41.407, 'run_s': 1.2022, 'resample': 'dense'}
E1002 23:16:11.712613   24449 hugepage_text.cc:344] RAW: File offset incorrectly aligned for file-backed THP: (600000 & ~ffffffffffe00000) = 0 != 1000 = (201000 & ~ffffffffffe00000)
pfa grid {'nkr': 7229, 'nka': 10123, 'nfy': 9000, 'nfx': 12288, 'oversample_r': 0.5020439195546257, 'oversample_a': 0.6666008165415515} 0.0s
pfa/fp32_taps ok {'first_s': 44.3541, 'run_s': 1.2623, 'resample': 'taps'}
