Model name:                              AMD EPYC 9B45
16
FastSAR 0decd5a2b671b4f54034d31cd8827717bc61088d 2026-10-07 03:18:47 +0000
isce3 0.25.17 numba 0.68.0
-rw-rw-r-- 1 user user 5149106840 Oct  7 05:43 c.cphd
-rw-rw-r-- 1 user user 1027277558 Oct  7 05:39 c.ntf
== fastsar cpu
grid 35678 7240 258.3 Mpx
mosaic 62.5 s, 0 patches
region 0: error -10.71 dB
region 1: error -10.76 dB
region 2: error -10.74 dB
	Command being timed: "/data/w/env/bin/python -I modes_strip.py c.cphd c.ntf out fastsar cpu"
	User time (seconds): 12552.66
	System time (seconds): 915.23
	Percent of CPU this job got: 1224%
	Elapsed (wall clock) time (h:mm:ss or m:ss): 18:20.11
	Average shared text size (kbytes): 0
	Average unshared data size (kbytes): 0
	Average stack size (kbytes): 0
	Average total size (kbytes): 0
	Maximum resident set size (kbytes): 66343900
	Average resident set size (kbytes): 0
	Major (requiring I/O) page faults: 5
	Minor (reclaiming a frame) page faults: 4915481
	Voluntary context switches: 49302
	Involuntary context switches: 36845
	Swaps: 0
	File system inputs: 528
	File system outputs: 4077856
	Socket messages sent: 0
	Socket messages received: 0
	Signals delivered: 0
	Page size (bytes): 4096
	Exit status: 0
exit 0
== isce3 cpu
Traceback (most recent call last):
  File "/data/w/modes_strip.py", line 154, in <module>
    ok = bp_fn(img, out_geom, buf, in_geom, dem, fref, ds, kern, 'nodelay')
         ^^^^^^^^^^^^^^^^^^^^^^^^^^^^^^^^^^^^^^^^^^^^^^^^^^^^^^^^^^^^^^^^^^
IndexError: Error in file /home/conda/feedstock_root/build_artifacts/isce3-split_1787376429683/work/cxx/isce3/core/Orbit.cpp, line 82, function isce3::error::ErrorCode isce3::core::Orbit::interpolate(isce3::core::Vec3*, isce3::core::Vec3*, double, isce3::core::OrbitInterpBorderMode) const: interpolation point outside orbit domain
Command exited with non-zero status 1
	Command being timed: "/data/w/env/bin/python -I modes_strip.py c.cphd c.ntf out isce3 cpu"
	User time (seconds): 107.63
	System time (seconds): 26.53
	Percent of CPU this job got: 191%
	Elapsed (wall clock) time (h:mm:ss or m:ss): 1:09.92
	Average shared text size (kbytes): 0
	Average unshared data size (kbytes): 0
	Average stack size (kbytes): 0
	Average total size (kbytes): 0
	Maximum resident set size (kbytes): 53175932
	Average resident set size (kbytes): 0
	Major (requiring I/O) page faults: 0
	Minor (reclaiming a frame) page faults: 896157
	Voluntary context switches: 4614
	Involuntary context switches: 975
	Swaps: 0
	File system inputs: 0
	File system outputs: 8
	Socket messages sent: 0
	Socket messages received: 0
	Signals delivered: 0
	Page size (bytes): 4096
	Exit status: 1
exit 1
== grdl pfa
pfa formed (92754, 21163) 99.1 s (read 0.4 s)
	Command being timed: "/data/w/env/bin/python -I grdl_panama.py c.cphd out pfa"
	User time (seconds): 1519.58
	System time (seconds): 16.14
	Percent of CPU this job got: 1323%
	Elapsed (wall clock) time (h:mm:ss or m:ss): 1:56.05
	Average shared text size (kbytes): 0
	Average unshared data size (kbytes): 0
	Average stack size (kbytes): 0
	Average total size (kbytes): 0
	Maximum resident set size (kbytes): 50847012
	Average resident set size (kbytes): 0
	Major (requiring I/O) page faults: 0
	Minor (reclaiming a frame) page faults: 258113
	Voluntary context switches: 637
	Involuntary context switches: 2446
	Swaps: 0
	File system inputs: 0
	File system outputs: 30671704
	Socket messages sent: 0
	Socket messages received: 0
	Signals delivered: 0
	Page size (bytes): 4096
	Exit status: 0
exit 0
== grdl ffbp
Command terminated by signal 9
	Command being timed: "/data/w/env/bin/python -I grdl_panama.py c.cphd out ffbp"
	User time (seconds): 2781.31
	System time (seconds): 76.13
	Percent of CPU this job got: 1232%
	Elapsed (wall clock) time (h:mm:ss or m:ss): 3:51.83
	Average shared text size (kbytes): 0
	Average unshared data size (kbytes): 0
	Average stack size (kbytes): 0
	Average total size (kbytes): 0
	Maximum resident set size (kbytes): 128247636
	Average resident set size (kbytes): 0
	Major (requiring I/O) page faults: 221
	Minor (reclaiming a frame) page faults: 41997380
	Voluntary context switches: 14125
	Involuntary context switches: 20273
	Swaps: 0
	File system inputs: 32080
	File system outputs: 192
	Socket messages sent: 0
	Socket messages received: 0
	Signals delivered: 0
	Page size (bytes): 4096
	Exit status: 0
exit 137
