Model name:                              Intel(R) Xeon(R) CPU @ 2.20GHz
32
NVIDIA L4, 580.178.04
FastSAR c947b919f40d1dec3e2916d9a0ad4e86a8025af5 2026-10-09 06:26:42 +0000
[4 s] setup done
-rw-rw-r-- 1 user user 9921494144 Oct  9 08:38 c.cphd
-rw-rw-r-- 1 user user 4524796233 Oct  9 08:38 c.ntf
[22 s] data in
[25 s] reference cache: 3 files
== fastsar cuda
grid 136197 8313 1132.2 Mpx
An NVIDIA GPU may be present on this machine, but a CUDA-enabled jaxlib is not installed. Falling back to cpu.
first mosaic 213.0 s
mosaic 197.3 s, 1206 patches
region 0: error -61.42 dB
region 1: error -61.71 dB
region 2: error -61.73 dB
	Command being timed: "/opt/fastsar/env/bin/python -I modes_strip.py c.cphd c.ntf out fastsar cuda"
	User time (seconds): 1069.32
	System time (seconds): 156.84
	Percent of CPU this job got: 253%
	Elapsed (wall clock) time (h:mm:ss or m:ss): 8:03.70
	Average shared text size (kbytes): 0
	Average unshared data size (kbytes): 0
	Average stack size (kbytes): 0
	Average total size (kbytes): 0
	Maximum resident set size (kbytes): 86906532
	Average resident set size (kbytes): 0
	Major (requiring I/O) page faults: 8994
	Minor (reclaiming a frame) page faults: 4081285
	Voluntary context switches: 12689902
	Involuntary context switches: 5314
	Swaps: 0
	File system inputs: 1111320
	File system outputs: 52568
	Socket messages sent: 0
	Socket messages received: 0
	Signals delivered: 0
	Page size (bytes): 4096
	Exit status: 0
exit 0
[509 s] stage fastsar cuda done
GPU utilization over the stage: mean 62%, 60% of samples at 90% or more, mean power 54 W (484 s)
[515 s] end
