Model name:                           AMD EPYC 9B14
44
FastSAR da28ceeea3d9a4153217d749f94cc33903a89a12 Fri Oct 9 03:18:16 2026 +0000
E1009 04:40:07.077000    4627 hugepage_text.cc:344] RAW: File offset incorrectly aligned for file-backed THP: (600000 & ~ffffffffffe00000) = 0 != 1000 = (201000 & ~ffffffffffe00000)
jax 0.11.2 [TpuDevice(id=0, process_index=0, coords=(0,0,0), core_on_chip=0)]
-rw-rw-r-- 1 paul paul 9921494144 Oct  9 04:40 c.cphd
-rw-rw-r-- 1 paul paul 4524796233 Oct  9 04:40 c.ntf
== fastsar tpu
grid 136197 8313 1132.2 Mpx
E1009 04:40:56.941183    5251 hugepage_text.cc:344] RAW: File offset incorrectly aligned for file-backed THP: (600000 & ~ffffffffffe00000) = 0 != 1000 = (201000 & ~ffffffffffe00000)
first mosaic 201.6 s
mosaic 173.0 s, 1206 patches
region 0: error -60.58 dB
region 1: error -60.85 dB
region 2: error -60.83 dB
	Command being timed: "env/bin/python -I modes_strip.py c.cphd c.ntf out fastsar tpu"
	User time (seconds): 16760.43
	System time (seconds): 98.04
	Percent of CPU this job got: 1788%
	Elapsed (wall clock) time (h:mm:ss or m:ss): 15:42.54
	Average shared text size (kbytes): 0
	Average unshared data size (kbytes): 0
	Average stack size (kbytes): 0
	Average total size (kbytes): 0
	Maximum resident set size (kbytes): 87052576
	Average resident set size (kbytes): 0
	Major (requiring I/O) page faults: 3
	Minor (reclaiming a frame) page faults: 3090412
	Voluntary context switches: 10485936
	Involuntary context switches: 241180
	Swaps: 0
	File system inputs: 912
	File system outputs: 103568
	Socket messages sent: 0
	Socket messages received: 0
	Signals delivered: 0
	Page size (bytes): 4096
	Exit status: 0
exit 0
