Model name:                              AMD EPYC 9B45
16
FastSAR da28ceeea3d9a4153217d749f94cc33903a89a12 2026-10-09 03:18:16 +0000
[2 s] setup done
-rw-rw-r-- 1 user user 968280900 Oct  9 04:44 c.cphd
-rw-rw-r-- 1 user user 332361111 Oct  9 04:44 c.ntf
[7 s] data in
[9 s] reference cache: 3 files
== fastsar cpu
grid 21040 3960 83.3 Mpx
first mosaic 50.1 s
mosaic 47.5 s, 84 patches
region 0: error -61.33 dB
region 1: error -62.49 dB
region 2: error -61.98 dB
	Command being timed: "/opt/fastsar/env/bin/python -I modes_strip.py c.cphd c.ntf out fastsar cpu"
	User time (seconds): 1430.79
	System time (seconds): 78.12
	Percent of CPU this job got: 1405%
	Elapsed (wall clock) time (h:mm:ss or m:ss): 1:47.33
	Average shared text size (kbytes): 0
	Average unshared data size (kbytes): 0
	Average stack size (kbytes): 0
	Average total size (kbytes): 0
	Maximum resident set size (kbytes): 12347292
	Average resident set size (kbytes): 0
	Major (requiring I/O) page faults: 2164
	Minor (reclaiming a frame) page faults: 726934
	Voluntary context switches: 92205
	Involuntary context switches: 65072
	Swaps: 0
	File system inputs: 558296
	File system outputs: 45136
	Socket messages sent: 0
	Socket messages received: 0
	Signals delivered: 0
	Page size (bytes): 4096
	Exit status: 0
exit 0
[116 s] stage fastsar cpu done
[120 s] end
