Model name:                              AMD EPYC 9B45
16
FastSAR da28ceeea3d9a4153217d749f94cc33903a89a12 2026-10-09 03:18:16 +0000
[3 s] setup done
-rw-rw-r-- 1 user user 9921494144 Oct  9 03:24 c.cphd
-rw-rw-r-- 1 user user 4524796233 Oct  9 03:24 c.ntf
[20 s] data in
[22 s] reference cache: 3 files
== fastsar cpu
grid 136197 8313 1132.2 Mpx
first mosaic 894.0 s
mosaic 875.3 s, 1206 patches
region 0: error -61.50 dB
region 1: error -61.81 dB
region 2: error -61.81 dB
	Command being timed: "/opt/fastsar/env/bin/python -I modes_strip.py c.cphd c.ntf out fastsar cpu"
	User time (seconds): 25624.87
	System time (seconds): 1602.29
	Percent of CPU this job got: 1518%
	Elapsed (wall clock) time (h:mm:ss or m:ss): 29:52.63
	Average shared text size (kbytes): 0
	Average unshared data size (kbytes): 0
	Average stack size (kbytes): 0
	Average total size (kbytes): 0
	Maximum resident set size (kbytes): 86906236
	Average resident set size (kbytes): 0
	Major (requiring I/O) page faults: 2168
	Minor (reclaiming a frame) page faults: 16914209
	Voluntary context switches: 2353151
	Involuntary context switches: 1943750
	Swaps: 0
	File system inputs: 558552
	File system outputs: 43520
	Socket messages sent: 0
	Socket messages received: 0
	Signals delivered: 0
	Page size (bytes): 4096
	Exit status: 0
exit 0
[1815 s] stage fastsar cpu done
[1818 s] end
