Model name:                              AMD EPYC 9B45
16
FastSAR d0512cc8f66b0c194463dfa2731e94667bfec5f9 2026-10-07 08:44:54 +0000
isce3 0.25.17 numba 0.68.0
-rw-rw-r-- 1 user user 5149106840 Oct  7 10:28 c.cphd
-rw-rw-r-- 1 user user 1027277558 Oct  7 10:26 c.ntf
== isce3 cpu
region 0: 198.1 s, error -76.86 dB (conj -0.00; fixed receiver -25.85), CPI 74203 pulses
region 1: 200.6 s, error -63.14 dB (conj -0.00; fixed receiver -26.29), CPI 74203 pulses
region 2: 197.5 s, error -77.72 dB (conj -0.00; fixed receiver -25.92), CPI 74203 pulses
	Command being timed: "/data/w/env/bin/python -I modes_strip.py c.cphd c.ntf out isce3 cpu"
	User time (seconds): 29064.02
	System time (seconds): 1734.35
	Percent of CPU this job got: 1324%
	Elapsed (wall clock) time (h:mm:ss or m:ss): 38:46.04
	Average shared text size (kbytes): 0
	Average unshared data size (kbytes): 0
	Average stack size (kbytes): 0
	Average total size (kbytes): 0
	Maximum resident set size (kbytes): 59980504
	Average resident set size (kbytes): 0
	Major (requiring I/O) page faults: 0
	Minor (reclaiming a frame) page faults: 9003951
	Voluntary context switches: 88342
	Involuntary context switches: 77983
	Swaps: 0
	File system inputs: 0
	File system outputs: 55648
	Socket messages sent: 0
	Socket messages received: 0
	Signals delivered: 0
	Page size (bytes): 4096
	Exit status: 0
exit 0
