Model name:                              Intel(R) Xeon(R) CPU @ 2.20GHz
32
NVIDIA L4, 580.178.04
FastSAR da28ceeea3d9a4153217d749f94cc33903a89a12 2026-10-09 03:18:16 +0000
[3 s] setup done
-rw-rw-r-- 1 user user 5149106840 Oct  9 04:49 c.cphd
-rw-rw-r-- 1 user user 1027277558 Oct  9 04:48 c.ntf
[16 s] data in
[19 s] reference cache: 21 files
== fastsar cuda
grid 35678 7240 258.3 Mpx
An NVIDIA GPU may be present on this machine, but a CUDA-enabled jaxlib is not installed. Falling back to cpu.
Traceback (most recent call last):
  File "/data/w/modes_strip.py", line 78, in <module>
    img = former(fx['S'])
          ^^^^^^^^^^^^^^^
  File "/data/w/FastSAR/fastsar/api.py", line 351, in __call__
    return cp.asnumpy(self._form(Sd)).astype(np.complex64, copy=False)
                      ^^^^^^^^^^^^^^
  File "/data/w/FastSAR/fastsar/ffbp_cuda.py", line 596, in form
    pre[0, i:i + 4096] = (b.real / scale).astype(kern['dtype'])
                          ~~~~~~~^~~~~~~
  File "cupy/_core/core.pyx", line 1610, in cupy._core.core._ndarray_base.__truediv__
  File "cupy/_core/core.pyx", line 2024, in cupy._core.core._ndarray_base.__array_ufunc__
  File "cupy/_core/_kernel.pyx", line 1374, in cupy._core._kernel.ufunc.__call__
  File "cupy/_core/_kernel.pyx", line 657, in cupy._core._kernel._get_out_args_from_optionals
  File "cupy/_core/core.pyx", line 3342, in cupy._core.core._ndarray_init
  File "cupy/_core/core.pyx", line 300, in cupy._core.core._ndarray_base._init_fast
  File "cupy/cuda/memory.pyx", line 904, in cupy.cuda.memory.alloc
  File "cupy/cuda/memory.pyx", line 1614, in cupy.cuda.memory.MemoryPool.malloc
  File "cupy/cuda/memory.pyx", line 1635, in cupy.cuda.memory.MemoryPool.malloc
  File "cupy/cuda/memory.pyx", line 1350, in cupy.cuda.memory.SingleDeviceMemoryPool.malloc
  File "cupy/cuda/memory.pyx", line 1376, in cupy.cuda.memory.SingleDeviceMemoryPool._malloc
  File "cupy/cuda/memory.pyx", line 1560, in cupy.cuda.memory.SingleDeviceMemoryPool._try_malloc
cupy.cuda.memory.OutOfMemoryError: Out of memory allocating 283,148,288 bytes (allocated so far: 23,339,828,736 bytes).
Command exited with non-zero status 1
	Command being timed: "/opt/fastsar/env/bin/python -I modes_strip.py c.cphd c.ntf out fastsar cuda"
	User time (seconds): 79.25
	System time (seconds): 35.02
	Percent of CPU this job got: 97%
	Elapsed (wall clock) time (h:mm:ss or m:ss): 1:57.79
	Average shared text size (kbytes): 0
	Average unshared data size (kbytes): 0
	Average stack size (kbytes): 0
	Average total size (kbytes): 0
	Maximum resident set size (kbytes): 45279856
	Average resident set size (kbytes): 0
	Major (requiring I/O) page faults: 8445
	Minor (reclaiming a frame) page faults: 4688067
	Voluntary context switches: 12609
	Involuntary context switches: 724
	Swaps: 0
	File system inputs: 1005776
	File system outputs: 1816
	Socket messages sent: 0
	Socket messages received: 0
	Signals delivered: 0
	Page size (bytes): 4096
	Exit status: 1
exit 1
[137 s] stage fastsar cuda done
GPU utilization over the stage: mean 2%, 2% of samples at 90% or more, mean power 15 W (118 s)
[141 s] end
