Model name:                              AMD EPYC 9B45
16
FastSAR 9edaba8cba40cbe30889381ba568fcc8ee4784b9 2026-10-07 06:12:06 +0000
isce3 0.25.17 numba 0.68.0
-rw-rw-r-- 1 user user 3765707928 Oct  7 06:18 c.cphd
-rw-rw-r-- 1 user user 1012657549 Oct  7 06:14 c.ntf
== fastsar cpu
grid 35540 7162 254.5 Mpx
mosaic 48.3 s, 0 patches
region 0: error -59.71 dB
region 1: error -59.92 dB
region 2: error -59.17 dB
	Command being timed: "/data/w/env/bin/python -I modes_strip.py c.cphd c.ntf out fastsar cpu"
	User time (seconds): 8644.88
	System time (seconds): 668.44
	Percent of CPU this job got: 1189%
	Elapsed (wall clock) time (h:mm:ss or m:ss): 13:03.16
	Average shared text size (kbytes): 0
	Average unshared data size (kbytes): 0
	Average stack size (kbytes): 0
	Average total size (kbytes): 0
	Maximum resident set size (kbytes): 52604216
	Average resident set size (kbytes): 0
	Major (requiring I/O) page faults: 5
	Minor (reclaiming a frame) page faults: 3652957
	Voluntary context switches: 38602
	Involuntary context switches: 25804
	Swaps: 0
	File system inputs: 528
	File system outputs: 4021672
	Socket messages sent: 0
	Socket messages received: 0
	Signals delivered: 0
	Page size (bytes): 4096
	Exit status: 0
exit 0
== isce3 cpu
region 0: 157.1 s, error -33.63 dB (conj -0.00), CPI 54267 pulses
region 1: 152.6 s, error -33.56 dB (conj -0.00), CPI 54267 pulses
region 2: 157.7 s, error -33.25 dB (conj -0.00), CPI 54267 pulses
	Command being timed: "/data/w/env/bin/python -I modes_strip.py c.cphd c.ntf out isce3 cpu"
	User time (seconds): 14537.21
	System time (seconds): 655.22
	Percent of CPU this job got: 1331%
	Elapsed (wall clock) time (h:mm:ss or m:ss): 19:01.16
	Average shared text size (kbytes): 0
	Average unshared data size (kbytes): 0
	Average stack size (kbytes): 0
	Average total size (kbytes): 0
	Maximum resident set size (kbytes): 45753344
	Average resident set size (kbytes): 0
	Major (requiring I/O) page faults: 0
	Minor (reclaiming a frame) page faults: 3360881
	Voluntary context switches: 34242
	Involuntary context switches: 33875
	Swaps: 0
	File system inputs: 0
	File system outputs: 57040
	Socket messages sent: 0
	Socket messages received: 0
	Signals delivered: 0
	Page size (bytes): 4096
	Exit status: 0
exit 0
== grdl pfa
pfa formed (67834, 21164) 70.3 s (read 0.3 s)
	Command being timed: "/data/w/env/bin/python -I grdl_panama.py c.cphd out pfa"
	User time (seconds): 1070.34
	System time (seconds): 11.80
	Percent of CPU this job got: 1358%
	Elapsed (wall clock) time (h:mm:ss or m:ss): 1:19.63
	Average shared text size (kbytes): 0
	Average unshared data size (kbytes): 0
	Average stack size (kbytes): 0
	Average total size (kbytes): 0
	Maximum resident set size (kbytes): 37254988
	Average resident set size (kbytes): 0
	Major (requiring I/O) page faults: 0
	Minor (reclaiming a frame) page faults: 218580
	Voluntary context switches: 219
	Involuntary context switches: 1821
	Swaps: 0
	File system inputs: 0
	File system outputs: 22432424
	Socket messages sent: 0
	Socket messages received: 0
	Signals delivered: 0
	Page size (bytes): 4096
	Exit status: 0
exit 0
== grdl ffbp
Command terminated by signal 9
	Command being timed: "/data/w/env/bin/python -I grdl_panama.py c.cphd out ffbp"
	User time (seconds): 3248.06
	System time (seconds): 83.22
	Percent of CPU this job got: 1340%
	Elapsed (wall clock) time (h:mm:ss or m:ss): 4:08.59
	Average shared text size (kbytes): 0
	Average unshared data size (kbytes): 0
	Average stack size (kbytes): 0
	Average total size (kbytes): 0
	Maximum resident set size (kbytes): 128246564
	Average resident set size (kbytes): 0
	Major (requiring I/O) page faults: 262
	Minor (reclaiming a frame) page faults: 49010000
	Voluntary context switches: 12677
	Involuntary context switches: 24044
	Swaps: 0
	File system inputs: 37760
	File system outputs: 192
	Socket messages sent: 0
	Socket messages received: 0
	Signals delivered: 0
	Page size (bytes): 4096
	Exit status: 0
exit 137
