Model name:                           AMD EPYC 9B14
44
FastSAR da28ceeea3d9a4153217d749f94cc33903a89a12 Fri Oct 9 03:18:16 2026 +0000
E1009 04:28:19.553637    4637 hugepage_text.cc:344] RAW: File offset incorrectly aligned for file-backed THP: (600000 & ~ffffffffffe00000) = 0 != 1000 = (201000 & ~ffffffffffe00000)
jax 0.11.2 [TpuDevice(id=0, process_index=0, coords=(0,0,0), core_on_chip=0)]
-rw-rw-r-- 1 user user 3765707928 Oct  9 04:28 c.cphd
-rw-rw-r-- 1 user user 1012657549 Oct  9 04:28 c.ntf
== fastsar tpu
grid 35540 7162 254.5 Mpx
E1009 04:29:18.808689    5251 hugepage_text.cc:344] RAW: File offset incorrectly aligned for file-backed THP: (600000 & ~ffffffffffe00000) = 0 != 1000 = (201000 & ~ffffffffffe00000)
mosaic 9.8 s, 0 patches
region 0: error -59.72 dB
region 1: error -59.57 dB
region 2: error -59.15 dB
	Command being timed: "env/bin/python -I modes_strip.py c.cphd c.ntf out fastsar tpu"
	User time (seconds): 11052.31
	System time (seconds): 8.96
	Percent of CPU this job got: 2432%
	Elapsed (wall clock) time (h:mm:ss or m:ss): 7:34.64
	Average shared text size (kbytes): 0
	Average unshared data size (kbytes): 0
	Average stack size (kbytes): 0
	Average total size (kbytes): 0
	Maximum resident set size (kbytes): 37258800
	Average resident set size (kbytes): 0
	Major (requiring I/O) page faults: 3
	Minor (reclaiming a frame) page faults: 324160
	Voluntary context switches: 130338
	Involuntary context switches: 214370
	Swaps: 0
	File system inputs: 912
	File system outputs: 105400
	Socket messages sent: 0
	Socket messages received: 0
	Signals delivered: 0
	Page size (bytes): 4096
	Exit status: 0
exit 0
