Model name:                              AMD EPYC 9B45
16
FastSAR d0512cc8f66b0c194463dfa2731e94667bfec5f9 2026-10-07 08:44:54 +0000
isce3 0.25.17 numba 0.68.0
-rw-rw-r-- 1 user user 9921494144 Oct  7 11:18 c.cphd
-rw-rw-r-- 1 user user 4524796233 Oct  7 11:14 c.ntf
== isce3 cpu
region 0: 40.3 s, error -59.19 dB (conj -0.00; fixed receiver -26.88), CPI 15975 pulses
region 1: 40.2 s, error -72.87 dB (conj -0.00; fixed receiver -43.49), CPI 15949 pulses
region 2: 40.3 s, error -72.90 dB (conj -0.00; fixed receiver -29.32), CPI 15976 pulses
	Command being timed: "/data/w/env/bin/python -I modes_strip.py c.cphd c.ntf out isce3 cpu"
	User time (seconds): 4591.15
	System time (seconds): 248.98
	Percent of CPU this job got: 1082%
	Elapsed (wall clock) time (h:mm:ss or m:ss): 7:27.31
	Average shared text size (kbytes): 0
	Average unshared data size (kbytes): 0
	Average stack size (kbytes): 0
	Average total size (kbytes): 0
	Maximum resident set size (kbytes): 125507572
	Average resident set size (kbytes): 0
	Major (requiring I/O) page faults: 802
	Minor (reclaiming a frame) page faults: 5280900
	Voluntary context switches: 35883
	Involuntary context switches: 13140
	Swaps: 0
	File system inputs: 84048
	File system outputs: 53816
	Socket messages sent: 0
	Socket messages received: 0
	Signals delivered: 0
	Page size (bytes): 4096
	Exit status: 0
exit 0
