Model name:                              Intel(R) Xeon(R) CPU @ 2.20GHz
32
NVIDIA L4, 580.178.04
FastSAR c947b919f40d1dec3e2916d9a0ad4e86a8025af5 2026-10-09 06:26:42 +0000
[3 s] setup done
-rw-rw-r-- 1 paul paul 5149106840 Oct  9 08:00 c.cphd
-rw-rw-r-- 1 paul paul 1027277558 Oct  9 08:00 c.ntf
[15 s] data in
[19 s] reference cache: 21 files
== fastsar cuda
grid 35678 7240 258.3 Mpx
An NVIDIA GPU may be present on this machine, but a CUDA-enabled jaxlib is not installed. Falling back to cpu.
/data/w/FastSAR/fastsar/api.py:343: MemoryWarning: cuda: for lack of GPU memory FastSAR forms the first level in groups of 2 children instead of 8, which is slower; full speed needs about 33.8 GB of GPU memory, 23.0 GB is free
  return cp.asnumpy(self._form(S, window=(self.wp, self.wk) if self.window else None, check=True)).astype(np.complex64, copy=False)
/data/w/FastSAR/fastsar/api.py:343: MemoryWarning: cuda: for lack of GPU memory FastSAR forms the first level in groups of 2 children instead of 8, which is slower; full speed needs about 33.8 GB of GPU memory, 23.0 GB is free
  return cp.asnumpy(self._form(S, window=(self.wp, self.wk) if self.window else None, check=True)).astype(np.complex64, copy=False)
mosaic 18.0 s, 0 patches
region 0: error -60.22 dB
region 1: error -61.04 dB
region 2: error -61.32 dB
	Command being timed: "/opt/fastsar/env/bin/python -I modes_strip.py c.cphd c.ntf out fastsar cuda"
	User time (seconds): 27756.08
	System time (seconds): 1321.27
	Percent of CPU this job got: 1659%
	Elapsed (wall clock) time (h:mm:ss or m:ss): 29:12.66
	Average shared text size (kbytes): 0
	Average unshared data size (kbytes): 0
	Average stack size (kbytes): 0
	Average total size (kbytes): 0
	Maximum resident set size (kbytes): 45279876
	Average resident set size (kbytes): 0
	Major (requiring I/O) page faults: 9344
	Minor (reclaiming a frame) page faults: 3966351
	Voluntary context switches: 86782
	Involuntary context switches: 86965
	Swaps: 0
	File system inputs: 1107560
	File system outputs: 74240
	Socket messages sent: 0
	Socket messages received: 0
	Signals delivered: 0
	Page size (bytes): 4096
	Exit status: 0
exit 0
[1771 s] stage fastsar cuda done
GPU utilization over the stage: mean 2%, 2% of samples at 90% or more, mean power 29 W (1752 s)
[1778 s] end
