Model name:                           AMD EPYC 9B14
44
FastSAR da28ceeea3d9a4153217d749f94cc33903a89a12 Fri Oct 9 03:18:16 2026 +0000
E1009 04:37:39.707530    4607 hugepage_text.cc:344] RAW: File offset incorrectly aligned for file-backed THP: (600000 & ~ffffffffffe00000) = 0 != 1000 = (201000 & ~ffffffffffe00000)
jax 0.11.2 [TpuDevice(id=0, process_index=0, coords=(0,0,0), core_on_chip=0)]
-rw-rw-r-- 1 user user 968280900 Oct  9 04:37 c.cphd
-rw-rw-r-- 1 user user 332361111 Oct  9 04:37 c.ntf
== fastsar tpu
grid 21040 3960 83.3 Mpx
E1009 04:38:03.246397    5234 hugepage_text.cc:344] RAW: File offset incorrectly aligned for file-backed THP: (600000 & ~ffffffffffe00000) = 0 != 1000 = (201000 & ~ffffffffffe00000)
first mosaic 16.6 s
mosaic 9.6 s, 84 patches
region 0: error -60.22 dB
region 1: error -61.05 dB
region 2: error -60.81 dB
	Command being timed: "env/bin/python -I modes_strip.py c.cphd c.ntf out fastsar tpu"
	User time (seconds): 1981.31
	System time (seconds): 9.12
	Percent of CPU this job got: 1914%
	Elapsed (wall clock) time (h:mm:ss or m:ss): 1:43.95
	Average shared text size (kbytes): 0
	Average unshared data size (kbytes): 0
	Average stack size (kbytes): 0
	Average total size (kbytes): 0
	Maximum resident set size (kbytes): 17406520
	Average resident set size (kbytes): 0
	Major (requiring I/O) page faults: 3
	Minor (reclaiming a frame) page faults: 279189
	Voluntary context switches: 920709
	Involuntary context switches: 32163
	Swaps: 0
	File system inputs: 912
	File system outputs: 104920
	Socket messages sent: 0
	Socket messages received: 0
	Signals delivered: 0
	Page size (bytes): 4096
	Exit status: 0
exit 0
