Model name:                              AMD EPYC 9B45
16
FastSAR da28ceeea3d9a4153217d749f94cc33903a89a12 2026-10-09 03:18:16 +0000
[3 s] setup done
-rw-rw-r-- 1 user user 3765707928 Oct  9 04:28 c.cphd
-rw-rw-r-- 1 user user 1012657549 Oct  9 04:28 c.ntf
[11 s] data in
[14 s] reference cache: 18 files
== fastsar cpu
grid 35540 7162 254.5 Mpx
mosaic 46.1 s, 0 patches
region 0: error -60.40 dB
region 1: error -60.33 dB
region 2: error -59.78 dB
	Command being timed: "/opt/fastsar/env/bin/python -I modes_strip.py c.cphd c.ntf out fastsar cpu"
	User time (seconds): 8566.22
	System time (seconds): 650.81
	Percent of CPU this job got: 1261%
	Elapsed (wall clock) time (h:mm:ss or m:ss): 12:10.63
	Average shared text size (kbytes): 0
	Average unshared data size (kbytes): 0
	Average stack size (kbytes): 0
	Average total size (kbytes): 0
	Maximum resident set size (kbytes): 33158824
	Average resident set size (kbytes): 0
	Major (requiring I/O) page faults: 2772
	Minor (reclaiming a frame) page faults: 3706757
	Voluntary context switches: 44806
	Involuntary context switches: 38434
	Swaps: 0
	File system inputs: 623744
	File system outputs: 70344
	Socket messages sent: 0
	Socket messages received: 0
	Signals delivered: 0
	Page size (bytes): 4096
	Exit status: 0
exit 0
[745 s] stage fastsar cpu done
[749 s] end
