Model name:                              AMD EPYC 9B45
16
FastSAR 815d1b4341323ecad923e577d8ea58f095d25203 2026-10-07 23:38:09 +0000
isce3 0.25.21 numba 0.68.0
-rw-rw-r-- 1 user user 1331593804 Oct  7 23:56 c.cphd
-rw-rw-r-- 1 user user  286917663 Oct  7 23:55 c.ntf
== isce3 cpu
/data/w/FastSAR/fastsar/io.py:162: UserWarning: valid delay window (TOA1 to TOA2) of 2962 m exceeds the unambiguous range c/(2 df) = 1311 m: the samples are not a plain frequency-domain phase history and images will alias
  warnings.warn(msg)
region 0: 37.8 s, error -71.29 dB (conj -0.00; fixed receiver -41.39), CPI 14728 pulses
region 1: 37.8 s, error -71.75 dB (conj -0.00; fixed receiver -41.58), CPI 14729 pulses
region 2: 37.8 s, error -61.28 dB (conj -0.00; fixed receiver -38.64), CPI 14728 pulses
	Command being timed: "/data/w/env/bin/python -I modes_strip.py c.cphd c.ntf out isce3 cpu"
	User time (seconds): 3049.37
	System time (seconds): 46.77
	Percent of CPU this job got: 1363%
	Elapsed (wall clock) time (h:mm:ss or m:ss): 3:47.02
	Average shared text size (kbytes): 0
	Average unshared data size (kbytes): 0
	Average stack size (kbytes): 0
	Average total size (kbytes): 0
	Maximum resident set size (kbytes): 19941380
	Average resident set size (kbytes): 0
	Major (requiring I/O) page faults: 0
	Minor (reclaiming a frame) page faults: 1133792
	Voluntary context switches: 23991
	Involuntary context switches: 8892
	Swaps: 0
	File system inputs: 0
	File system outputs: 55688
	Socket messages sent: 0
	Socket messages received: 0
	Signals delivered: 0
	Page size (bytes): 4096
	Exit status: 0
exit 0
