Model name:                              Intel(R) Xeon(R) CPU @ 2.20GHz
32
NVIDIA L4, 580.178.04
FastSAR c947b919f40d1dec3e2916d9a0ad4e86a8025af5 2026-10-09 06:26:42 +0000
[4 s] setup done
-rw-rw-r-- 1 paul paul 3765707928 Oct  9 07:25 c.cphd
-rw-rw-r-- 1 paul paul 1012657549 Oct  9 07:25 c.ntf
[14 s] data in
[18 s] reference cache: 24 files
== fastsar cuda
grid 35540 7162 254.5 Mpx
An NVIDIA GPU may be present on this machine, but a CUDA-enabled jaxlib is not installed. Falling back to cpu.
/data/w/FastSAR/fastsar/api.py:343: MemoryWarning: cuda: for lack of GPU memory FastSAR forms the first level in groups of 4 children instead of 8, which is slower; full speed needs about 23.3 GB of GPU memory, 22.9 GB is free
  return cp.asnumpy(self._form(S, window=(self.wp, self.wk) if self.window else None, check=True)).astype(np.complex64, copy=False)
/data/w/FastSAR/fastsar/api.py:343: MemoryWarning: cuda: for lack of GPU memory FastSAR forms the first level in groups of 4 children instead of 8, which is slower; full speed needs about 23.3 GB of GPU memory, 22.9 GB is free
  return cp.asnumpy(self._form(S, window=(self.wp, self.wk) if self.window else None, check=True)).astype(np.complex64, copy=False)
mosaic 17.9 s, 0 patches
region 0: error -60.37 dB
region 1: error -60.29 dB
region 2: error -59.74 dB
	Command being timed: "/opt/fastsar/env/bin/python -I modes_strip.py c.cphd c.ntf out fastsar cuda"
	User time (seconds): 20300.42
	System time (seconds): 976.82
	Percent of CPU this job got: 1639%
	Elapsed (wall clock) time (h:mm:ss or m:ss): 21:37.53
	Average shared text size (kbytes): 0
	Average unshared data size (kbytes): 0
	Average stack size (kbytes): 0
	Average total size (kbytes): 0
	Maximum resident set size (kbytes): 33158744
	Average resident set size (kbytes): 0
	Major (requiring I/O) page faults: 9336
	Minor (reclaiming a frame) page faults: 3655075
	Voluntary context switches: 66978
	Involuntary context switches: 55011
	Swaps: 0
	File system inputs: 1107368
	File system outputs: 74288
	Socket messages sent: 0
	Socket messages received: 0
	Signals delivered: 0
	Page size (bytes): 4096
	Exit status: 0
exit 0
[1315 s] stage fastsar cuda done
GPU utilization over the stage: mean 2%, 2% of samples at 90% or more, mean power 28 W (1297 s)
[1321 s] end
