Model name:                              Intel(R) Xeon(R) CPU @ 2.20GHz
32
NVIDIA L4, 580.178.04
FastSAR da28ceeea3d9a4153217d749f94cc33903a89a12 2026-10-09 03:18:16 +0000
[3 s] setup done
-rw-rw-r-- 1 user user 3765707928 Oct  9 04:11 c.cphd
-rw-rw-r-- 1 user user 1012657549 Oct  9 04:11 c.ntf
[13 s] data in
[16 s] reference cache: 18 files
== fastsar cuda
grid 35540 7162 254.5 Mpx
An NVIDIA GPU may be present on this machine, but a CUDA-enabled jaxlib is not installed. Falling back to cpu.
/data/w/FastSAR/fastsar/api.py:351: MemoryWarning: cuda: for lack of GPU memory FastSAR forms the first level in groups of 2 children instead of 8, which is slower; full speed needs about 23.3 GB of GPU memory, 15.4 GB is free
  return cp.asnumpy(self._form(Sd)).astype(np.complex64, copy=False)
/data/w/FastSAR/fastsar/api.py:351: MemoryWarning: cuda: for lack of GPU memory FastSAR forms the first level in groups of 2 children instead of 8, which is slower; full speed needs about 23.3 GB of GPU memory, 15.4 GB is free
  return cp.asnumpy(self._form(Sd)).astype(np.complex64, copy=False)
mosaic 19.2 s, 0 patches
region 0: error -60.37 dB
region 1: error -60.30 dB
region 2: error -59.75 dB
	Command being timed: "/opt/fastsar/env/bin/python -I modes_strip.py c.cphd c.ntf out fastsar cuda"
	User time (seconds): 20037.37
	System time (seconds): 990.51
	Percent of CPU this job got: 1626%
	Elapsed (wall clock) time (h:mm:ss or m:ss): 21:32.88
	Average shared text size (kbytes): 0
	Average unshared data size (kbytes): 0
	Average stack size (kbytes): 0
	Average total size (kbytes): 0
	Maximum resident set size (kbytes): 33158692
	Average resident set size (kbytes): 0
	Major (requiring I/O) page faults: 9335
	Minor (reclaiming a frame) page faults: 5483306
	Voluntary context switches: 66880
	Involuntary context switches: 54430
	Swaps: 0
	File system inputs: 1106048
	File system outputs: 74288
	Socket messages sent: 0
	Socket messages received: 0
	Signals delivered: 0
	Page size (bytes): 4096
	Exit status: 0
exit 0
[1309 s] stage fastsar cuda done
GPU utilization over the stage: mean 3%, 3% of samples at 90% or more, mean power 34 W (1293 s)
[1315 s] end
