Model name:                              AMD EPYC 9B45
16
FastSAR d95020edfd54af12b0c13344834675a2f492633b 2026-10-07 03:07:05 +0000
isce3 0.25.17 numba 0.68.0
-rw-rw-r-- 1 user user 968280900 Oct  7 03:12 c.cphd
-rw-rw-r-- 1 user user 332361111 Oct  7 03:12 c.ntf
== grdl rda
rda formed (39883, 6003) 27.7 s (read 0.1 s)
	Command being timed: "/data/w/env/bin/python -I grdl_strip.py c.cphd out rda"
	User time (seconds): 29.16
	System time (seconds): 3.63
	Percent of CPU this job got: 105%
	Elapsed (wall clock) time (h:mm:ss or m:ss): 0:31.14
	Average shared text size (kbytes): 0
	Average unshared data size (kbytes): 0
	Average stack size (kbytes): 0
	Average total size (kbytes): 0
	Maximum resident set size (kbytes): 20861380
	Average resident set size (kbytes): 0
	Major (requiring I/O) page faults: 0
	Minor (reclaiming a frame) page faults: 241007
	Voluntary context switches: 65
	Involuntary context switches: 240
	Swaps: 0
	File system inputs: 0
	File system outputs: 3741144
	Socket messages sent: 0
	Socket messages received: 0
	Signals delivered: 0
	Page size (bytes): 4096
	Exit status: 0
exit 0
== grdl smpfa
smpfa formed (1136, 7503) 58.3 s (read 0.1 s)
	Command being timed: "/data/w/env/bin/python -I grdl_strip.py c.cphd out smpfa"
	User time (seconds): 686.73
	System time (seconds): 2.26
	Percent of CPU this job got: 1138%
	Elapsed (wall clock) time (h:mm:ss or m:ss): 1:00.53
	Average shared text size (kbytes): 0
	Average unshared data size (kbytes): 0
	Average stack size (kbytes): 0
	Average total size (kbytes): 0
	Maximum resident set size (kbytes): 8343856
	Average resident set size (kbytes): 0
	Major (requiring I/O) page faults: 0
	Minor (reclaiming a frame) page faults: 663218
	Voluntary context switches: 14907
	Involuntary context switches: 11463
	Swaps: 0
	File system inputs: 0
	File system outputs: 133520
	Socket messages sent: 0
	Socket messages received: 0
	Signals delivered: 0
	Page size (bytes): 4096
	Exit status: 0
exit 0
== grdl ffbp
ffbp formed (218356, 6003) 73.8 s (read 0.1 s)
	Command being timed: "/data/w/env/bin/python -I grdl_strip.py c.cphd out ffbp"
	User time (seconds): 1079.99
	System time (seconds): 18.38
	Percent of CPU this job got: 1407%
	Elapsed (wall clock) time (h:mm:ss or m:ss): 1:18.03
	Average shared text size (kbytes): 0
	Average unshared data size (kbytes): 0
	Average stack size (kbytes): 0
	Average total size (kbytes): 0
	Maximum resident set size (kbytes): 62267968
	Average resident set size (kbytes): 0
	Major (requiring I/O) page faults: 0
	Minor (reclaiming a frame) page faults: 11067977
	Voluntary context switches: 171
	Involuntary context switches: 2890
	Swaps: 0
	File system inputs: 0
	File system outputs: 20481648
	Socket messages sent: 0
	Socket messages received: 0
	Signals delivered: 0
	Page size (bytes): 4096
	Exit status: 0
exit 0
