Model name:                              AMD EPYC 9B45
16
FastSAR da28ceeea3d9a4153217d749f94cc33903a89a12 2026-10-09 03:18:16 +0000
[2 s] setup done
-rw-rw-r-- 1 paul paul 5149106840 Oct  9 03:57 c.cphd
-rw-rw-r-- 1 paul paul 1027277558 Oct  9 03:57 c.ntf
[9 s] data in
[12 s] reference cache: 18 files
== fastsar cpu
grid 35678 7240 258.3 Mpx
mosaic 54.0 s, 0 patches
region 0: error -60.25 dB
region 1: error -61.06 dB
region 2: error -61.33 dB
	Command being timed: "/opt/fastsar/env/bin/python -I modes_strip.py c.cphd c.ntf out fastsar cpu"
	User time (seconds): 12236.53
	System time (seconds): 891.87
	Percent of CPU this job got: 1270%
	Elapsed (wall clock) time (h:mm:ss or m:ss): 17:13.34
	Average shared text size (kbytes): 0
	Average unshared data size (kbytes): 0
	Average stack size (kbytes): 0
	Average total size (kbytes): 0
	Maximum resident set size (kbytes): 45279660
	Average resident set size (kbytes): 0
	Major (requiring I/O) page faults: 2770
	Minor (reclaiming a frame) page faults: 4577978
	Voluntary context switches: 56308
	Involuntary context switches: 104513
	Swaps: 0
	File system inputs: 624080
	File system outputs: 70296
	Socket messages sent: 0
	Socket messages received: 0
	Signals delivered: 0
	Page size (bytes): 4096
	Exit status: 0
exit 0
[1045 s] stage fastsar cpu done
[1049 s] end
