Model name:                              AMD EPYC 9B45
16
FastSAR d0512cc8f66b0c194463dfa2731e94667bfec5f9 2026-10-07 08:44:54 +0000
isce3 0.25.17 numba 0.68.0
-rw-rw-r-- 1 user user 3765707928 Oct  7 10:28 c.cphd
-rw-rw-r-- 1 user user 1012657549 Oct  7 10:25 c.ntf
== isce3 cpu
region 0: 152.3 s, error -75.89 dB (conj -0.00; fixed receiver -36.93), CPI 54267 pulses
region 1: 153.2 s, error -75.74 dB (conj -0.00; fixed receiver -36.28), CPI 54267 pulses
region 2: 159.9 s, error -75.79 dB (conj -0.00; fixed receiver -36.33), CPI 54267 pulses
	Command being timed: "/data/w/env/bin/python -I modes_strip.py c.cphd c.ntf out isce3 cpu"
	User time (seconds): 22450.05
	System time (seconds): 1310.25
	Percent of CPU this job got: 1310%
	Elapsed (wall clock) time (h:mm:ss or m:ss): 30:12.53
	Average shared text size (kbytes): 0
	Average unshared data size (kbytes): 0
	Average stack size (kbytes): 0
	Average total size (kbytes): 0
	Maximum resident set size (kbytes): 45789900
	Average resident set size (kbytes): 0
	Major (requiring I/O) page faults: 0
	Minor (reclaiming a frame) page faults: 5976613
	Voluntary context switches: 65504
	Involuntary context switches: 57264
	Swaps: 0
	File system inputs: 0
	File system outputs: 57328
	Socket messages sent: 0
	Socket messages received: 0
	Signals delivered: 0
	Page size (bytes): 4096
	Exit status: 0
exit 0
