Model name:                              AMD EPYC 9B45
16
FastSAR d0512cc8f66b0c194463dfa2731e94667bfec5f9 2026-10-07 08:44:54 +0000
isce3 0.25.17 numba 0.68.0
-rw-rw-r-- 1 user user 968280900 Oct  7 11:29 c.cphd
-rw-rw-r-- 1 user user 332361111 Oct  7 11:29 c.ntf
== isce3 cpu
region 0: 26.2 s, error -69.49 dB (conj -0.00; fixed receiver -50.58), CPI 10256 pulses
region 1: 26.2 s, error -64.82 dB (conj -0.00; fixed receiver -50.56), CPI 10256 pulses
region 2: 26.1 s, error -69.41 dB (conj -0.00; fixed receiver -50.60), CPI 10256 pulses
	Command being timed: "/data/w/env/bin/python -I modes_strip.py c.cphd c.ntf out isce3 cpu"
	User time (seconds): 2334.31
	System time (seconds): 69.83
	Percent of CPU this job got: 1266%
	Elapsed (wall clock) time (h:mm:ss or m:ss): 3:09.86
	Average shared text size (kbytes): 0
	Average unshared data size (kbytes): 0
	Average stack size (kbytes): 0
	Average total size (kbytes): 0
	Maximum resident set size (kbytes): 12357736
	Average resident set size (kbytes): 0
	Major (requiring I/O) page faults: 0
	Minor (reclaiming a frame) page faults: 748521
	Voluntary context switches: 15858
	Involuntary context switches: 7162
	Swaps: 0
	File system inputs: 0
	File system outputs: 54424
	Socket messages sent: 0
	Socket messages received: 0
	Signals delivered: 0
	Page size (bytes): 4096
	Exit status: 0
exit 0
